Microsoft Windows [Version 10.0.19045.5247]
(c) Microsoft Corporation. All rights reserved.

C:\Users\user1>mysql -u root -p
Enter password: ********
ERROR 1045 (28000): Access denied for user 'root'@'localhost' (using password: YES)

C:\Users\user1>mysql -u root -p
Enter password: *******
Welcome to the MySQL monitor.  Commands end with ; or \g.
Your MySQL connection id is 12
Server version: 8.0.40 MySQL Community Server - GPL

Copyright (c) 2000, 2024, Oracle and/or its affiliates.

Oracle is a registered trademark of Oracle Corporation and/or its
affiliates. Other names may be trademarks of their respective
owners.

Type 'help;' or '\h' for help. Type '\c' to clear the current input statement.

mysql> KHTSOPPING
    -> ^C
mysql> CREATE KHTSOPPING
    -> ;
ERROR 1064 (42000): You have an error in your SQL syntax; check the manual that corresponds to your MySQL server version for the right syntax to use near 'KHTSOPPING' at line 1
mysql> CREATE DATBASE KKHTSOPPING;
ERROR 1064 (42000): You have an error in your SQL syntax; check the manual that corresponds to your MySQL server version for the right syntax to use near 'DATBASE KKHTSOPPING' at line 1
mysql> CREATE DATABASE KHTSHOPPING;
Query OK, 1 row affected (0.01 sec)

mysql> CREATE USER 'kht_h'@'%' IDENTIFIED BY 'kht1234';
Query OK, 0 rows affected (0.01 sec)

mysql> GRANT ALL PRIVILEGES ON KHTDB.* TO 'kht_h'@'%';
Query OK, 0 rows affected (0.00 sec)

mysql> FLUSH PRIVILEGES;
Query OK, 0 rows affected (0.00 sec)

mysql> SELECT CURRENT_DATE;
+--------------+
| CURRENT_DATE |
+--------------+
| 2024-12-16   |
+--------------+
1 row in set (0.00 sec)

mysql> CREATE DATBASE KHTUSER
    -> ;
ERROR 1064 (42000): You have an error in your SQL syntax; check the manual that corresponds to your MySQL server version for the right syntax to use near 'DATBASE KHTUSER' at line 1
mysql> CREATE DATABASE KHTUSER
    -> ;
Query OK, 1 row affected (0.01 sec)

mysql> CREATE USER 'k-user'@'%' IDENTIFIED BY 'kht1234';
Query OK, 0 rows affected (0.01 sec)

mysql> GRANT ALL PRIVILEGES ON KHTDB.* TO 'k-user'@'%';
Query OK, 0 rows affected (0.00 sec)

mysql> FLUSH PRIVILEGES;
Query OK, 0 rows affected (0.00 sec)

mysql> CREATE DATBASE KHTCAFE;
ERROR 1064 (42000): You have an error in your SQL syntax; check the manual that corresponds to your MySQL server version for the right syntax to use near 'DATBASE KHTCAFE' at line 1
mysql> CREATE DATABASE KHTCAFE;
Query OK, 1 row affected (0.00 sec)

mysql> CREATE USER 'c-user'@'%' INDENTIFIED BY 'kht1234';
ERROR 1064 (42000): You have an error in your SQL syntax; check the manual that corresponds to your MySQL server version for the right syntax to use near 'INDENTIFIED BY 'kht1234'' at line 1
mysql> CREATE USER 'c-user'@'%' IDENTIFIED BY 'kht1234';
Query OK, 0 rows affected (0.01 sec)

mysql> GRANT ALL PRIVILEGES ON KHTDB.* TO 'c-user'@'%';
Query OK, 0 rows affected (0.00 sec)

mysql> FLUSH PRIVILEGES;
Query OK, 0 rows affected (0.00 sec)

mysql> GRANT ALL PRIVILEGES ON KHTSOPPING'.* TO 'khttest'@'%';
    '> ^C
mysql> GRANT ALL PRIVILEGES ON KHTSOPPING'.* TO 'kht_h'@'%';
    '> CREATE DATABASE KHTSHOPPING;
    '> ^C
mysql> CREATE DATABASE KHTSHOPPING;
ERROR 1007 (HY000): Can't create database 'khtshopping'; database exists
mysql> GRANT ALL PRIVILEGES ON KHTSOPPING'.* TO 'kht_h'@'%';
    '> CREATE USER '^X^C
mysql> exit
Bye

C:\Users\user1>CREATE DATABASE KHTUSER
'CREATE'은(는) 내부 또는 외부 명령, 실행할 수 있는 프로그램, 또는
배치 파일이 아닙니다.

C:\Users\user1>CREATE DATABASE KHTUSER;
'CREATE'은(는) 내부 또는 외부 명령, 실행할 수 있는 프로그램, 또는
배치 파일이 아닙니다.

C:\Users\user1>mysql -u root -p
Enter password: *******
Welcome to the MySQL monitor.  Commands end with ; or \g.
Your MySQL connection id is 13
Server version: 8.0.40 MySQL Community Server - GPL

Copyright (c) 2000, 2024, Oracle and/or its affiliates.

Oracle is a registered trademark of Oracle Corporation and/or its
affiliates. Other names may be trademarks of their respective
owners.

Type 'help;' or '\h' for help. Type '\c' to clear the current input statement.

mysql> CREATE DATABASE KHTUSER;
ERROR 1007 (HY000): Can't create database 'khtuser'; database exists
mysql> CREATE DATABASE president;
Query OK, 1 row affected (0.01 sec)

mysql> CREATE USER 'president'@'%' IDENTIFIED BY 'kht1234;';
Query OK, 0 rows affected (0.01 sec)

mysql> GRANT ALL PRIVILEGESGRANT ALL PRIVILEGES ON KHTSHOPPING.* TO 'president'@'%';
ERROR 1064 (42000): You have an error in your SQL syntax; check the manual that corresponds to your MySQL server version for the right syntax to use near 'PRIVILEGESGRANT ALL PRIVILEGES ON KHTSHOPPING.* TO 'president'@'%'' at line 1
mysql> ^C
mysql> CREATE DATABASE KHTSHOPPING;
ERROR 1007 (HY000): Can't create database 'khtshopping'; database exists
mysql> exit
Bye

C:\Users\user1>mysql -u root -p
Enter password: *******
Welcome to the MySQL monitor.  Commands end with ; or \g.
Your MySQL connection id is 17
Server version: 8.0.40 MySQL Community Server - GPL

Copyright (c) 2000, 2024, Oracle and/or its affiliates.

Oracle is a registered trademark of Oracle Corporation and/or its
affiliates. Other names may be trademarks of their respective
owners.

Type 'help;' or '\h' for help. Type '\c' to clear the current input statement.

mysql> EATE DATABASE KHTUSER;
ERROR 1064 (42000): You have an error in your SQL syntax; check the manual that corresponds to your MySQL server version for the right syntax to use near 'EATE DATABASE KHTUSER' at line 1
mysql> CREATE USER 'president'@'%' IDENTIFIED BY 'kht1234';
ERROR 1396 (HY000): Operation CREATE USER failed for 'president'@'%'
mysql> GRANT ALL PRIVILEGES ON KHTUSER.* TO 'president'@'%';
Query OK, 0 rows affected (0.00 sec)

mysql> GRANT ALL PRIVILEGES ON KHTCAFE.* TO 'president'@'%';
Query OK, 0 rows affected (0.00 sec)

mysql> FLUSH PRIVILEGES;
Query OK, 0 rows affected (0.00 sec)

mysql> exit
Bye

C:\Users\user1>mysql -u root -p
Enter password: *******
Welcome to the MySQL monitor.  Commands end with ; or \g.
Your MySQL connection id is 27
Server version: 8.0.40 MySQL Community Server - GPL

Copyright (c) 2000, 2024, Oracle and/or its affiliates.

Oracle is a registered trademark of Oracle Corporation and/or its
affiliates. Other names may be trademarks of their respective
owners.

Type 'help;' or '\h' for help. Type '\c' to clear the current input statement.

mysql> delete table KHTSHOPPING;
ERROR 1064 (42000): You have an error in your SQL syntax; check the manual that corresponds to your MySQL server version for the right syntax to use near 'table KHTSHOPPING' at line 1
mysql> DELETE KHTSHOPPING;
ERROR 1064 (42000): You have an error in your SQL syntax; check the manual that corresponds to your MySQL server version for the right syntax to use near '' at line 1
mysql> SHOW DATABASES;
+--------------------+
| Database           |
+--------------------+
| information_schema |
| khtcafe            |
| khtdb              |
| khtshopping        |
| khtuser            |
| khtworkbook        |
| mysql              |
| performance_schema |
| president          |
| sys                |
+--------------------+
10 rows in set (0.00 sec)

mysql> DROP DATABAS KHTSHOPPING;
ERROR 1064 (42000): You have an error in your SQL syntax; check the manual that corresponds to your MySQL server version for the right syntax to use near 'DATABAS KHTSHOPPING' at line 1
mysql> DROP DATABASE KHTSHOPPING;
Query OK, 0 rows affected (0.01 sec)

mysql> SHOW DATABASES;
+--------------------+
| Database           |
+--------------------+
| information_schema |
| khtcafe            |
| khtdb              |
| khtuser            |
| khtworkbook        |
| mysql              |
| performance_schema |
| president          |
| sys                |
+--------------------+
9 rows in set (0.00 sec)

mysql> DROP DATABASE khtcafe;
Query OK, 0 rows affected (0.00 sec)

mysql> DROP DATABASE khtuser;
Query OK, 0 rows affected (0.00 sec)

mysql> DROP DATABASE president;
Query OK, 0 rows affected (0.00 sec)

mysql> SHOW DATABASES;
+--------------------+
| Database           |
+--------------------+
| information_schema |
| khtdb              |
| khtworkbook        |
| mysql              |
| performance_schema |
| sys                |
+--------------------+
6 rows in set (0.00 sec)

mysql> CREATE DATABAS KHTSHOPPING;
ERROR 1064 (42000): You have an error in your SQL syntax; check the manual that corresponds to your MySQL server version for the right syntax to use near 'DATABAS KHTSHOPPING' at line 1
mysql> CREATE DATABASE KHTSHOPPING;
Query OK, 1 row affected (0.00 sec)

mysql> CREATE DATABASE KHTUSER;
Query OK, 1 row affected (0.00 sec)

mysql> CREATE DATABASE KHTCAFE;
Query OK, 1 row affected (0.00 sec)

mysql> GRANT ALL PRIVILEGES ON KHTCAFE.* TO 'president'@'%';
Query OK, 0 rows affected (0.00 sec)

mysql> GRANT ALL PRIVILEGES ON KHTUSER.* TO 'president'@'%';
Query OK, 0 rows affected (0.00 sec)

mysql> GRANT ALL PRIVILEGES ON KHTSHOPPING.* TO 'president'@'%';
Query OK, 0 rows affected (0.00 sec)

mysql> FLUSH PRIVILEGES'
    '> FLUSH PRIVILEGES;
    '> ;
    '> ;;
    '> EXIT
    '> ^C
mysql> FLUSH PRIVILEGES;
Query OK, 0 rows affected (0.00 sec)

mysql> GRANT ALL PRIVILEGES ON KHTUSER.* TO 'president'@'%';
Query OK, 0 rows affected (0.00 sec)

mysql> FLUSH PRIVILEGES;
Query OK, 0 rows affected (0.00 sec)

mysql> CREATE DATABASE KHTUSER;
Query OK, 1 row affected (0.00 sec)

mysql> GRANT ALL PRIVILEGES ON KHTUSER.* TO 'president'@'%';
Query OK, 0 rows affected (0.00 sec)

mysql> FLUSH PRIVILEGES;
Query OK, 0 rows affected (0.00 sec)

mysql>