Microsoft Windows [Version 10.0.19045.5247]
(c) Microsoft Corporation. All rights reserved.

C:\Users\user1>mysql -u root -p
Enter password: *******
Welcome to the MySQL monitor.  Commands end with ; or \g.
Your MySQL connection id is 50
Server version: 8.0.40 MySQL Community Server - GPL

Copyright (c) 2000, 2024, Oracle and/or its affiliates.

Oracle is a registered trademark of Oracle Corporation and/or its
affiliates. Other names may be trademarks of their respective
owners.

Type 'help;' or '\h' for help. Type '\c' to clear the current input statement.

mysql> CREATE newbie 'junior'@'%' IDENTIFIED BY 'junior4567';
ERROR 1064 (42000): You have an error in your SQL syntax; check the manual that corresponds to your MySQL server version for the right syntax to use near 'newbie 'junior'@'%' IDENTIFIED BY 'junior4567'' at line 1
mysql> CREATE DATABASE newbie;
Query OK, 1 row affected (0.01 sec)

mysql> CREATE newbie 'junior'@'%' IDENTIFIED BY 'junior4567';
ERROR 1064 (42000): You have an error in your SQL syntax; check the manual that corresponds to your MySQL server version for the right syntax to use near 'newbie 'junior'@'%' IDENTIFIED BY 'junior4567'' at line 1
mysql> CREATE newbie 'junior'@'%' IDENTIFIED BY 'junior4567';
ERROR 1064 (42000): You have an error in your SQL syntax; check the manual that corresponds to your MySQL server version for the right syntax to use near 'newbie 'junior'@'%' IDENTIFIED BY 'junior4567'' at line 1
mysql> ^C
mysql> ^C
mysql>  CREATE DATABASE newbie;
ERROR 1007 (HY000): Can't create database 'newbie'; database exists
mysql> create KHTUSER 'newbie'@'%' IDENIDENTIFIED BY 'newbie1234';
ERROR 1064 (42000): You have an error in your SQL syntax; check the manual that corresponds to your MySQL server version for the right syntax to use near 'KHTUSER 'newbie'@'%' IDENIDENTIFIED BY 'newbie1234'' at line 1
mysql> CREATE KHTUSER 'newbie'@'%' IDENIDENTIFIED BY 'newbie1234';
ERROR 1064 (42000): You have an error in your SQL syntax; check the manual that corresponds to your MySQL server version for the right syntax to use near 'KHTUSER 'newbie'@'%' IDENIDENTIFIED BY 'newbie1234'' at line 1
mysql> DROP TABLE newbie;
ERROR 1046 (3D000): No database selected
mysql> create user 'newbie'@'%' IDENTIFIED BY 'newbie1234';
Query OK, 0 rows affected (0.02 sec)

mysql> GRANT ALL PRIVILEGES ON KHTCOMPANY.KHTUSER TO 'newbie'@'%'
    -> ;
Query OK, 0 rows affected (0.00 sec)

mysql> FLUSH PRIVILEGES;
Query OK, 0 rows affected (0.01 sec)

mysql> create user 'junior'@'%' IDENTIFIED BY 'junior4567';
Query OK, 0 rows affected (0.01 sec)

mysql> GRANT ALL PRIVILEGES ON KHTCOMPANY.KHTUSER TO 'junior'@'%'
    -> ;
Query OK, 0 rows affected (0.00 sec)

mysql> GRANT ALL PRIVILEGES ON KHTCOMPANY.KHTcafe TO 'junior'@'%';
Query OK, 0 rows affected (0.00 sec)

mysql> alter user 'junior'@'%' IDENTIFIED BY 'junior4567';
Query OK, 0 rows affected (0.01 sec)

mysql> drop database 'newbie'
    -> ;
ERROR 1064 (42000): You have an error in your SQL syntax; check the manual that corresponds to your MySQL server version for the right syntax to use near ''newbie'' at line 1
mysql> drop database newbie;
Query OK, 0 rows affected (0.01 sec)

mysql> flush privileges;
Query OK, 0 rows affected (0.00 sec)

mysql>